// Jest Snapshot v1, https://goo.gl/fbAQLP

exports[`<Header /> should render the title 1`] = `
<h1
  class="styles__Title-u7lf7e-0 kqbgSV"
>
  Ol√°, seja bem vindo!
</h1>
`;
